src/app/(admin)/bao-cao/page.tsx(2,24): error TS2307: Cannot find module '@/presentation/components/report/ReportPage' or its corresponding type declarations.
src/app/(admin)/dashboard/page.tsx(1,27): error TS2307: Cannot find module '@/presentation/components/dashboard' or its corresponding type declarations.
src/app/(admin)/giao-dich/dat-hang/khach-hang/page.tsx(1,30): error TS2307: Cannot find module '@/infrastructure/supabase/server' or its corresponding type declarations.
src/app/(admin)/giao-dich/dat-hang/khach-hang/page.tsx(2,24): error TS2307: Cannot find module '@/presentation/components/order/OrderTable' or its corresponding type declarations.
src/app/(admin)/giao-dich/dat-hang/nha-phan-phoi/page.tsx(4,30): error TS2307: Cannot find module '@/infrastructure/supabase/server' or its corresponding type declarations.
src/app/(admin)/giao-dich/dat-hang/nha-phan-phoi/page.tsx(5,47): error TS2307: Cannot find module '@/infrastructure/supabase/repositories/SupabaseDistributorRepository' or its corresponding type declarations.
src/app/(admin)/giao-dich/dat-hang/nha-phan-phoi/page.tsx(6,52): error TS2307: Cannot find module '@/infrastructure/supabase/repositories/SupabaseDistributorOrderRepository' or its corresponding type declarations.
src/app/(admin)/giao-dich/dat-hang/nha-phan-phoi/page.tsx(7,35): error TS2307: Cannot find module '@/presentation/components/distributor/DistributorOrderTable' or its corresponding type declarations.
src/app/(admin)/giao-dich/dat-hang/nha-phan-phoi/page.tsx(8,45): error TS2307: Cannot find module '@/domain/entities/DistributorOrder' or its corresponding type declarations.
src/app/(admin)/giao-dich/dat-hang/nha-phan-phoi/page.tsx(9,50): error TS2307: Cannot find module '@/domain/repositories/IDistributorOrderRepository' or its corresponding type declarations.
src/app/(admin)/giao-dich/hoa-don/khach-hang/page.tsx(1,30): error TS2307: Cannot find module '@/infrastructure/supabase/server' or its corresponding type declarations.
src/app/(admin)/giao-dich/hoa-don/khach-hang/page.tsx(3,44): error TS2307: Cannot find module '@/application/use-cases/order/GetCustomerInvoicesUseCase' or its corresponding type declarations.
src/app/(admin)/giao-dich/hoa-don/khach-hang/page.tsx(4,34): error TS2307: Cannot find module '@/presentation/components/invoice/CustomerInvoiceTable' or its corresponding type declarations.
src/app/(admin)/giao-dich/hoa-don/nha-phan-phoi/page.tsx(1,30): error TS2307: Cannot find module '@/infrastructure/supabase/server' or its corresponding type declarations.
src/app/(admin)/giao-dich/hoa-don/nha-phan-phoi/page.tsx(3,47): error TS2307: Cannot find module '@/application/use-cases/order/GetDistributorInvoicesUseCase' or its corresponding type declarations.
src/app/(admin)/giao-dich/hoa-don/nha-phan-phoi/page.tsx(4,37): error TS2307: Cannot find module '@/presentation/components/invoice/DistributorInvoiceTable' or its corresponding type declarations.
src/app/(admin)/hang-hoa/kiem-kho/page.tsx(4,36): error TS2307: Cannot find module '@/presentation/components/product/inventory-check/Inventorychecklist' or its corresponding type declarations.
src/app/(admin)/hang-hoa/kiem-kho/page.tsx(5,36): error TS2307: Cannot find module '@/presentation/components/product/inventory-check/Inventorycheckform' or its corresponding type declarations.
src/app/(admin)/hang-hoa/page.tsx(3,36): error TS2307: Cannot find module '@/application/use-cases/product/ProductUseCases' or its corresponding type declarations.
src/app/(admin)/hang-hoa/page.tsx(4,26): error TS2307: Cannot find module '@/presentation/components/product/catalog/ProductTable' or its corresponding type declarations.
src/app/(admin)/hang-hoa/thu-hoach/page.tsx(4,32): error TS2307: Cannot find module '@/presentation/components/product/harvest/HarvestManager' or its corresponding type declarations.
src/app/(admin)/hang-hoa/thu-hoach/page.tsx(5,31): error TS2307: Cannot find module '@/presentation/components/product/harvest/HarvestReport' or its corresponding type declarations.
src/app/(admin)/khach-hang/page.tsx(1,37): error TS2307: Cannot find module '@/application/use-cases/customer/CustomerUsecase' or its corresponding type declarations.
src/app/(admin)/khach-hang/page.tsx(2,27): error TS2307: Cannot find module '@/presentation/components/customer/CustomerTable' or its corresponding type declarations.
src/app/(admin)/layout.tsx(13,30): error TS2307: Cannot find module '@/infrastructure/supabase/server' or its corresponding type declarations.
src/app/(admin)/layout.tsx(15,20): error TS2307: Cannot find module '@/presentation/components/layout/Header' or its corresponding type declarations.
src/app/(admin)/layout.tsx(16,27): error TS2307: Cannot find module '@/lib/rbac' or its corresponding type declarations.
src/app/(admin)/nha-phan-phoi/page.tsx(1,40): error TS2307: Cannot find module '@/application/use-cases/distributor/DistributorUseCases' or its corresponding type declarations.
src/app/(admin)/nha-phan-phoi/page.tsx(2,30): error TS2307: Cannot find module '@/presentation/components/distributor/DistributorTable' or its corresponding type declarations.
src/app/(admin)/nhan-vien/page.tsx(1,37): error TS2307: Cannot find module '@/application/use-cases/staff/StaffUseCases' or its corresponding type declarations.
src/app/(admin)/nhan-vien/page.tsx(2,27): error TS2307: Cannot find module '@/presentation/components/employee/EmployeeTable' or its corresponding type declarations.
src/app/(admin)/so-quy/page.tsx(2,26): error TS2307: Cannot find module '@/presentation/components/cashbook/CashbookPage' or its corresponding type declarations.
src/app/(admin)/tai-khoan/page.tsx(7,30): error TS2307: Cannot find module '@/infrastructure/supabase/server' or its corresponding type declarations.
src/app/(admin)/tai-khoan/page.tsx(9,57): error TS2307: Cannot find module '@/application/use-cases/staff/StaffUseCases' or its corresponding type declarations.
src/app/(admin)/tai-khoan/page.tsx(10,26): error TS2307: Cannot find module '@/presentation/components/account/AccountTable' or its corresponding type declarations.
src/app/(admin)/tai-khoan/page.tsx(11,27): error TS2307: Cannot find module '@/lib/rbac' or its corresponding type declarations.
src/app/api/dashboard-summary/route.ts(3,36): error TS2307: Cannot find module '@/infrastructure/container/DIContainer' or its corresponding type declarations.
src/app/login/page.tsx(2,27): error TS2307: Cannot find module '@/presentation/components/auth/LoginForm' or its corresponding type declarations.
src/app/page.tsx(2,30): error TS2307: Cannot find module '@/infrastructure/supabase/server' or its corresponding type declarations.
src/app/register/page.tsx(1,30): error TS2307: Cannot find module '@/presentation/components/auth/RegisterForm' or its corresponding type declarations.
src/application/dto/CashbookDTO.ts(5,57): error TS2307: Cannot find module '@/domain/entities/Cashbook' or its corresponding type declarations.
src/application/dto/CustomerDTO.ts(4,35): error TS2307: Cannot find module '@/domain/entities/Customer' or its corresponding type declarations.
src/application/dto/DistributorDTO.ts(1,39): error TS2307: Cannot find module '@/domain/entities/Distributor' or its corresponding type declarations.
src/application/dto/ProductDTO.ts(3,48): error TS2307: Cannot find module '@/domain/entities/Product' or its corresponding type declarations.
src/application/use-cases/cart/AddToCartUseCase.ts(5,37): error TS2307: Cannot find module '@/domain/entities/Cart' or its corresponding type declarations.
src/application/use-cases/cart/AddToCartUseCase.ts(6,35): error TS2307: Cannot find module '@/application/dto/CartDTO' or its corresponding type declarations.
src/application/use-cases/cart/RemoveFromCartUseCase.ts(3,27): error TS2307: Cannot find module '@/domain/entities/Cart' or its corresponding type declarations.
src/application/use-cases/cashbook/CashbookUseCases.ts(8,8): error TS2307: Cannot find module '@/infrastructure/container/DIContainer' or its corresponding type declarations.
src/application/use-cases/cashbook/CashbookUseCases.ts(9,100): error TS2307: Cannot find module '@/application/dto/CashbookDTO' or its corresponding type declarations.
src/application/use-cases/cashbook/CashbookUseCases.ts(10,35): error TS2307: Cannot find module '@/domain/entities/Cashbook' or its corresponding type declarations.
src/application/use-cases/customer/CustomerUsecase.ts(7,39): error TS2307: Cannot find module '@/infrastructure/container/DIContainer' or its corresponding type declarations.
src/application/use-cases/customer/CustomerUsecase.ts(8,76): error TS2307: Cannot find module '@/application/dto/CustomerDTO' or its corresponding type declarations.
src/application/use-cases/customer/export-csv.ts(1,26): error TS2307: Cannot find module '@/domain/entities/Customer' or its corresponding type declarations.
src/application/use-cases/distributor/DistributorUseCases.ts(3,30): error TS2307: Cannot find module '@/infrastructure/supabase/server' or its corresponding type declarations.
src/application/use-cases/distributor/DistributorUseCases.ts(5,88): error TS2307: Cannot find module '@/domain/entities/Distributor' or its corresponding type declarations.
src/application/use-cases/distributor/DistributorUseCases.ts(6,42): error TS2307: Cannot find module '@/infrastructure/container/DIContainer' or its corresponding type declarations.
src/application/use-cases/harvest/RecordHarvestUseCase.ts(12,35): error TS2307: Cannot find module '@/infrastructure/supabase/repositories/HarvestRepository' or its corresponding type declarations.
src/application/use-cases/harvest/RecordHarvestUseCase.ts(13,55): error TS2307: Cannot find module '@/application/dto/HarvestInput.dto' or its corresponding type declarations.
src/application/use-cases/inventory/AdjustStockUseCase.ts(13,37): error TS2307: Cannot find module '@/infrastructure/supabase/repositories/InventoryRepository' or its corresponding type declarations.
src/application/use-cases/inventory/AdjustStockUseCase.ts(18,8): error TS2307: Cannot find module '@/application/dto/Inventoryinput.dto' or its corresponding type declarations.
src/application/use-cases/order/CreateOrderUseCase.ts(4,30): error TS2307: Cannot find module '@/infrastructure/supabase/server' or its corresponding type declarations.
src/application/use-cases/order/CreateOrderUseCase.ts(6,37): error TS2307: Cannot find module '@/application/dto/OrderDTO' or its corresponding type declarations.
src/application/use-cases/order/GetCustomerInvoicesUseCase.ts(3,30): error TS2307: Cannot find module '@/infrastructure/supabase/server' or its corresponding type declarations.
src/application/use-cases/order/GetCustomerInvoicesUseCase.ts(4,37): error TS2307: Cannot find module '@/domain/entities/Customer' or its corresponding type declarations.
src/application/use-cases/order/GetDashboardSummaryUseCase.ts(1,34): error TS2307: Cannot find module '@/domain/repositories/IOrderRepository' or its corresponding type declarations.
src/application/use-cases/order/GetDistributorInvoicesUseCase.ts(3,30): error TS2307: Cannot find module '@/infrastructure/supabase/server' or its corresponding type declarations.
src/application/use-cases/order/GetDistributorInvoicesUseCase.ts(4,48): error TS2307: Cannot find module '@/domain/entities/DistributorOrder' or its corresponding type declarations.
src/application/use-cases/order/GetOrdersUseCase.ts(4,36): error TS2307: Cannot find module '@/infrastructure/container/DIContainer' or its corresponding type declarations.
src/application/use-cases/order/UpdateOrderStatusUseCase.ts(4,30): error TS2307: Cannot find module '@/infrastructure/supabase/server' or its corresponding type declarations.
src/application/use-cases/order/UpdateOrderStatusUseCase.ts(6,31): error TS2307: Cannot find module '@/domain/value-objects/OrderStatus' or its corresponding type declarations.
src/application/use-cases/order/UpdateOrderStatusUseCase.ts(7,42): error TS2307: Cannot find module '@/domain/value-objects/OrderStatus' or its corresponding type declarations.
src/application/use-cases/order/UpdateOrderStatusUseCase.ts(8,43): error TS2307: Cannot find module '@/application/dto/OrderDTO' or its corresponding type declarations.
src/application/use-cases/product/ProductUseCases.ts(4,38): error TS2307: Cannot find module '@/infrastructure/container/DIContainer' or its corresponding type declarations.
src/application/use-cases/product/ProductUseCases.ts(5,73): error TS2307: Cannot find module '@/application/dto/ProductDTO' or its corresponding type declarations.
src/application/use-cases/staff/StaffUseCases.ts(4,36): error TS2307: Cannot find module '@/infrastructure/container/DIContainer' or its corresponding type declarations.
src/domain/repositories/ICashbookRepository.ts(6,8): error TS2307: Cannot find module '@/domain/entities/Cashbook' or its corresponding type declarations.
src/domain/repositories/ICustomerRepository.ts(4,68): error TS2307: Cannot find module '@/domain/entities/Customer' or its corresponding type declarations.
src/domain/repositories/IDistributorOrderRepository.ts(8,8): error TS2307: Cannot find module '@/domain/entities/DistributorOrder' or its corresponding type declarations.
src/domain/repositories/IDistributorOrderRepository.ts(30,39): error TS2307: Cannot find module '@/domain/entities/DistributorOrder' or its corresponding type declarations.
src/domain/repositories/IDistributorRepository.ts(1,70): error TS2307: Cannot find module '@/domain/entities/Distributor' or its corresponding type declarations.
src/domain/repositories/IStaffRepository.ts(1,40): error TS2307: Cannot find module '@/domain/entities/Staff' or its corresponding type declarations.
src/domain/repositories/IUserRepository.ts(3,27): error TS2307: Cannot find module '@/domain/entities/User' or its corresponding type declarations.
src/domain/services/InventoryService.ts(3,30): error TS2307: Cannot find module '@/domain/entities/Product' or its corresponding type declarations.
src/domain/services/PricingService.ts(3,35): error TS2307: Cannot find module '@/domain/entities/Customer' or its corresponding type declarations.
src/domain/value-objects/CustomerTier.ts(5,35): error TS2307: Cannot find module '@/domain/entities/Customer' or its corresponding type declarations.
src/infrastructure/container/DIContainer.ts(12,48): error TS2307: Cannot find module '@/domain/repositories/ICustomerRepository' or its corresponding type declarations.
src/infrastructure/container/DIContainer.ts(13,48): error TS2307: Cannot find module '@/domain/repositories/IDistributorRepository' or its corresponding type declarations.
src/infrastructure/container/DIContainer.ts(14,48): error TS2307: Cannot find module '@/domain/repositories/IStaffRepository' or its corresponding type declarations.
src/infrastructure/container/DIContainer.ts(15,48): error TS2307: Cannot find module '@/domain/repositories/IOrderRepository' or its corresponding type declarations.
src/infrastructure/container/DIContainer.ts(16,48): error TS2307: Cannot find module '@/domain/repositories/IProductRepository' or its corresponding type declarations.
src/infrastructure/container/DIContainer.ts(19,48): error TS2307: Cannot find module '@/domain/repositories/ICashbookRepository' or its corresponding type declarations.
src/infrastructure/supabase/repositories/HarvestRepository.ts(14,30): error TS2307: Cannot find module '@/infrastructure/supabase/client' or its corresponding type declarations.
src/infrastructure/supabase/repositories/HarvestRepository.ts(15,54): error TS2307: Cannot find module '@/domain/entities/Harvest' or its corresponding type declarations.
src/infrastructure/supabase/repositories/InventoryRepository.ts(6,30): error TS2307: Cannot find module '@/infrastructure/supabase/client' or its corresponding type declarations.
src/infrastructure/supabase/repositories/InventoryRepository.ts(7,64): error TS2307: Cannot find module '@/domain/entities/Inventory' or its corresponding type declarations.
src/infrastructure/supabase/repositories/InventoryRepository.ts(8,39): error TS2307: Cannot find module '@/application/dto/Inventoryinput.dto' or its corresponding type declarations.
src/infrastructure/supabase/repositories/SupabaseCashbookRepository.ts(8,30): error TS2307: Cannot find module '@/infrastructure/supabase/server' or its corresponding type declarations.
src/infrastructure/supabase/repositories/SupabaseCashbookRepository.ts(15,8): error TS2307: Cannot find module '@/domain/repositories/ICashbookRepository' or its corresponding type declarations.
src/infrastructure/supabase/repositories/SupabaseCashbookRepository.ts(18,8): error TS2307: Cannot find module '@/domain/entities/Cashbook' or its corresponding type declarations.
src/infrastructure/supabase/repositories/SupabaseCustomerRepository.ts(4,30): error TS2307: Cannot find module '@/infrastructure/supabase/server' or its corresponding type declarations.
src/infrastructure/supabase/repositories/SupabaseCustomerRepository.ts(6,59): error TS2307: Cannot find module '@/domain/repositories/ICustomerRepository' or its corresponding type declarations.
src/infrastructure/supabase/repositories/SupabaseCustomerRepository.ts(7,68): error TS2307: Cannot find module '@/domain/entities/Customer' or its corresponding type declarations.
src/infrastructure/supabase/repositories/SupabaseCustomerRepository.ts(8,41): error TS2307: Cannot find module '@/domain/value-objects/CustomerTier' or its corresponding type declarations.
src/infrastructure/supabase/repositories/SupabaseDistributorOrderRepository.ts(4,30): error TS2307: Cannot find module '@/infrastructure/supabase/server' or its corresponding type declarations.
src/infrastructure/supabase/repositories/SupabaseDistributorOrderRepository.ts(6,104): error TS2307: Cannot find module '@/domain/repositories/IDistributorOrderRepository' or its corresponding type declarations.
src/infrastructure/supabase/repositories/SupabaseDistributorOrderRepository.ts(7,90): error TS2307: Cannot find module '@/domain/entities/DistributorOrder' or its corresponding type declarations.
src/infrastructure/supabase/repositories/SupabaseDistributorRepository.ts(1,30): error TS2307: Cannot find module '@/infrastructure/supabase/server' or its corresponding type declarations.
src/infrastructure/supabase/repositories/SupabaseDistributorRepository.ts(3,65): error TS2307: Cannot find module '@/domain/repositories/IDistributorRepository' or its corresponding type declarations.
src/infrastructure/supabase/repositories/SupabaseDistributorRepository.ts(4,70): error TS2307: Cannot find module '@/domain/entities/Distributor' or its corresponding type declarations.
src/infrastructure/supabase/repositories/SupabaseOrderRepository.ts(3,30): error TS2307: Cannot find module '@/infrastructure/supabase/server' or its corresponding type declarations.
src/infrastructure/supabase/repositories/SupabaseOrderRepository.ts(5,39): error TS2307: Cannot find module '@/domain/repositories/IOrderRepository' or its corresponding type declarations.
src/infrastructure/supabase/repositories/SupabaseProductRepository.ts(3,30): error TS2307: Cannot find module '@/infrastructure/supabase/server' or its corresponding type declarations.
src/infrastructure/supabase/repositories/SupabaseProductRepository.ts(5,41): error TS2307: Cannot find module '@/domain/repositories/IProductRepository' or its corresponding type declarations.
src/infrastructure/supabase/repositories/SupabaseProductRepository.ts(6,46): error TS2307: Cannot find module '@/domain/entities/Product' or its corresponding type declarations.
src/infrastructure/supabase/repositories/SupabaseStaffRepository.ts(3,30): error TS2307: Cannot find module '@/infrastructure/supabase/server' or its corresponding type declarations.
src/infrastructure/supabase/repositories/SupabaseStaffRepository.ts(5,39): error TS2307: Cannot find module '@/domain/repositories/IStaffRepository' or its corresponding type declarations.
src/infrastructure/supabase/repositories/SupabaseStaffRepository.ts(6,40): error TS2307: Cannot find module '@/domain/entities/Staff' or its corresponding type declarations.
src/infrastructure/supabase/repositories/SupabaseUserRepository.ts(3,30): error TS2307: Cannot find module '@/infrastructure/supabase/server' or its corresponding type declarations.
src/infrastructure/supabase/repositories/SupabaseUserRepository.ts(4,38): error TS2307: Cannot find module '@/domain/repositories/IUserRepository' or its corresponding type declarations.
src/infrastructure/supabase/repositories/SupabaseUserRepository.ts(5,27): error TS2307: Cannot find module '@/domain/entities/User' or its corresponding type declarations.
src/infrastructure/supabase/services/SupabaseStorageService.ts(3,30): error TS2307: Cannot find module '@/infrastructure/supabase/client' or its corresponding type declarations.
src/infrastructure/supabase/services/SupabaseStorageService.ts(4,38): error TS2307: Cannot find module '@/application/ports/IStorageService' or its corresponding type declarations.
src/Middleware.ts(11,43): error TS2307: Cannot find module '@/lib/rbac' or its corresponding type declarations.
src/presentation/components/account/AccountTable.tsx(4,40): error TS2307: Cannot find module '@/domain/entities/Staff' or its corresponding type declarations.
src/presentation/components/account/AccountTable.tsx(5,80): error TS2307: Cannot find module '@/application/use-cases/staff/StaffUseCases' or its corresponding type declarations.
src/presentation/components/account/AccountTable.tsx(6,73): error TS2307: Cannot find module '@/presentation/components/ui/SharedUI' or its corresponding type declarations.
src/presentation/components/account/AccountTable.tsx(163,53): error TS2322: Type 'Dispatch<SetStateAction<"admin" | "staff">>' is not assignable to type '(v: "admin" | "manager" | "staff") => void'.
  Types of parameters 'value' and 'v' are incompatible.
    Type '"admin" | "manager" | "staff"' is not assignable to type 'SetStateAction<"admin" | "staff">'.
      Type '"manager"' is not assignable to type 'SetStateAction<"admin" | "staff">'.
src/presentation/components/account/AccountTable.tsx(173,53): error TS2322: Type 'Dispatch<SetStateAction<"admin" | "staff">>' is not assignable to type '(v: "admin" | "manager" | "staff") => void'.
  Types of parameters 'value' and 'v' are incompatible.
    Type '"admin" | "manager" | "staff"' is not assignable to type 'SetStateAction<"admin" | "staff">'.
      Type '"manager"' is not assignable to type 'SetStateAction<"admin" | "staff">'.
src/presentation/components/account/AccountTable.tsx(208,14): error TS2304: Cannot find name 'callerRole'.
src/presentation/components/account/AccountTable.tsx(209,14): error TS2304: Cannot find name 'callerRole'.
src/presentation/components/auth/LoginForm.tsx(3,25): error TS2307: Cannot find module '@/presentation/hooks/useAuth' or its corresponding type declarations.
src/presentation/components/auth/RegisterForm.tsx(3,25): error TS2307: Cannot find module '@/presentation/hooks/useAuth' or its corresponding type declarations.
src/presentation/components/cart/CartDrawer.tsx(5,25): error TS2307: Cannot find module '@/presentation/hooks/useCart' or its corresponding type declarations.
src/presentation/components/cashbook/CashbookPage.tsx(10,8): error TS2307: Cannot find module '@/presentation/hooks/useCashbook' or its corresponding type declarations.
src/presentation/components/cashbook/CashbookPage.tsx(11,81): error TS2307: Cannot find module '@/domain/entities/Cashbook' or its corresponding type declarations.
src/presentation/components/cashbook/CashbookPage.tsx(12,51): error TS2307: Cannot find module '@/application/dto/CashbookDTO' or its corresponding type declarations.
src/presentation/components/customer/CustomerForm.tsx(2,30): error TS2307: Cannot find module '@/domain/entities/customer' or its corresponding type declarations.
src/presentation/components/customer/CustomerTable.tsx(4,68): error TS2307: Cannot find module '@/domain/entities/Customer' or its corresponding type declarations.
src/presentation/components/customer/CustomerTable.tsx(5,70): error TS2307: Cannot find module '@/application/use-cases/customer/CustomerUsecase' or its corresponding type declarations.
src/presentation/components/customer/CustomerTable.tsx(6,83): error TS2307: Cannot find module '@/application/use-cases/customer/CustomerUsecase' or its corresponding type declarations.
src/presentation/components/customer/CustomerTable.tsx(7,90): error TS2307: Cannot find module '@/presentation/components/ui/SharedUI' or its corresponding type declarations.
src/presentation/components/customer/use-customer-table.ts(3,47): error TS2307: Cannot find module '@/domain/entities/Customer' or its corresponding type declarations.
src/presentation/components/customer/use-customer-table.ts(4,48): error TS2307: Cannot find module '@/infrastructure/supabase/repositories/customer-repository.impl' or its corresponding type declarations.
src/presentation/components/dashboard/Dashboard.tsx(4,30): error TS2307: Cannot find module '@/presentation/hooks/useDashboard' or its corresponding type declarations.
src/presentation/components/dashboard/RecentActivitiesSection.tsx(4,34): error TS2307: Cannot find module '@/presentation/hooks/useDashboard' or its corresponding type declarations.
src/presentation/components/distributor/CreateDistributorOrderModal.tsx(4,56): error TS2307: Cannot find module '@/domain/entities/Distributor' or its corresponding type declarations.
src/presentation/components/distributor/CreateDistributorOrderModal.tsx(5,70): error TS2307: Cannot find module '@/application/use-cases/distributor/DistributorUseCases' or its corresponding type declarations.
src/presentation/components/distributor/CreateDistributorOrderModal.tsx(6,25): error TS2307: Cannot find module '@/presentation/components/ui/SharedUI' or its corresponding type declarations.
src/presentation/components/distributor/DistributorInvoiceModal.tsx(4,48): error TS2307: Cannot find module '@/domain/entities/Distributor' or its corresponding type declarations.
src/presentation/components/distributor/DistributorInvoiceModal.tsx(5,25): error TS2307: Cannot find module '@/presentation/components/ui/SharedUI' or its corresponding type declarations.
src/presentation/components/distributor/DistributorOrderTable.tsx(4,63): error TS2307: Cannot find module '@/domain/entities/DistributorOrder' or its corresponding type declarations.
src/presentation/components/distributor/DistributorOrderTable.tsx(5,34): error TS2307: Cannot find module '@/domain/entities/Distributor' or its corresponding type declarations.
src/presentation/components/distributor/DistributorOrderTable.tsx(6,50): error TS2307: Cannot find module '@/domain/repositories/IDistributorOrderRepository' or its corresponding type declarations.
src/presentation/components/distributor/DistributorTable.tsx(4,97): error TS2307: Cannot find module '@/domain/entities/Distributor' or its corresponding type declarations.
src/presentation/components/distributor/DistributorTable.tsx(5,160): error TS2307: Cannot find module '@/application/use-cases/distributor/DistributorUseCases' or its corresponding type declarations.
src/presentation/components/distributor/DistributorTable.tsx(6,81): error TS2307: Cannot find module '@/presentation/components/ui/SharedUI' or its corresponding type declarations.
src/presentation/components/distributor/DistributorTable.tsx(7,37): error TS2307: Cannot find module '@/presentation/components/distributor/DistributorInvoiceModal' or its corresponding type declarations.
src/presentation/components/employee/EmployeeTable.tsx(4,31): error TS2307: Cannot find module '@/domain/entities/Staff' or its corresponding type declarations.
src/presentation/components/employee/EmployeeTable.tsx(5,83): error TS2307: Cannot find module '@/application/use-cases/staff/StaffUseCases' or its corresponding type declarations.
src/presentation/components/employee/EmployeeTable.tsx(6,73): error TS2307: Cannot find module '@/presentation/components/ui/SharedUI' or its corresponding type declarations.
src/presentation/components/invoice/CustomerInvoiceTable.tsx(5,44): error TS2307: Cannot find module '@/application/use-cases/order/GetCustomerInvoicesUseCase' or its corresponding type declarations.
src/presentation/components/invoice/CustomerInvoiceTable.tsx(6,30): error TS2307: Cannot find module '@/application/use-cases/order/GetCustomerInvoicesUseCase' or its corresponding type declarations.
src/presentation/components/invoice/CustomerInvoiceTable.tsx(7,37): error TS2307: Cannot find module '@/domain/entities/Customer' or its corresponding type declarations.
src/presentation/components/invoice/CustomerInvoiceTable.tsx(8,40): error TS2307: Cannot find module '@/presentation/components/ui/SharedUI' or its corresponding type declarations.
src/presentation/components/invoice/DistributorInvoiceTable.tsx(5,55): error TS2307: Cannot find module '@/application/use-cases/order/GetDistributorInvoicesUseCase' or its corresponding type declarations.
src/presentation/components/invoice/DistributorInvoiceTable.tsx(6,41): error TS2307: Cannot find module '@/application/use-cases/order/GetDistributorInvoicesUseCase' or its corresponding type declarations.
src/presentation/components/invoice/DistributorInvoiceTable.tsx(7,48): error TS2307: Cannot find module '@/domain/entities/DistributorOrder' or its corresponding type declarations.
src/presentation/components/invoice/DistributorInvoiceTable.tsx(8,40): error TS2307: Cannot find module '@/presentation/components/ui/SharedUI' or its corresponding type declarations.
src/presentation/components/layout/Header.tsx(15,56): error TS2307: Cannot find module '@/lib/rbac' or its corresponding type declarations.
src/presentation/components/layout/Header.tsx(16,30): error TS2307: Cannot find module '@/infrastructure/supabase/client' or its corresponding type declarations.
src/presentation/components/order/OrderTable.tsx(4,30): error TS2307: Cannot find module '@/infrastructure/supabase/client' or its corresponding type declarations.
src/presentation/components/order/OrderTable.tsx(5,23): error TS2307: Cannot find module '@/presentation/components/ui/SharedUI' or its corresponding type declarations.
src/presentation/components/partner/customer/CustomerTable.tsx(3,25): error TS2307: Cannot find module '@/presentation/components/customer/CustomerTable' or its corresponding type declarations.
src/presentation/components/partner/distributor/DistributorTable.tsx(3,25): error TS2307: Cannot find module '@/presentation/components/distributor/DistributorTable' or its corresponding type declarations.
src/presentation/components/product/catalog/ProductCard.tsx(5,30): error TS2307: Cannot find module '@/domain/entities/Product' or its corresponding type declarations.
src/presentation/components/product/catalog/ProductCard.tsx(6,50): error TS2307: Cannot find module '@/domain/services/InventoryService' or its corresponding type declarations.
src/presentation/components/product/catalog/ProductCard.tsx(7,25): error TS2307: Cannot find module '@/presentation/hooks/useCart' or its corresponding type declarations.
src/presentation/components/product/catalog/ProductDetail.tsx(5,30): error TS2307: Cannot find module '@/domain/entities/Product' or its corresponding type declarations.
src/presentation/components/product/catalog/ProductDetail.tsx(6,68): error TS2307: Cannot find module '@/domain/services/InventoryService' or its corresponding type declarations.
src/presentation/components/product/catalog/ProductDetail.tsx(7,36): error TS2307: Cannot find module '@/domain/services/PricingService' or its corresponding type declarations.
src/presentation/components/product/catalog/ProductDetail.tsx(8,25): error TS2307: Cannot find module '@/presentation/components/ui/SharedUI' or its corresponding type declarations.
src/presentation/components/product/catalog/ProductDetail.tsx(9,25): error TS2307: Cannot find module '@/presentation/hooks/useCart' or its corresponding type declarations.
src/presentation/components/product/catalog/ProductGrid.tsx(5,44): error TS2307: Cannot find module '@/domain/entities/Product' or its corresponding type declarations.
src/presentation/components/product/catalog/ProductTable.tsx(5,57): error TS2307: Cannot find module '@/domain/entities/Product' or its corresponding type declarations.
src/presentation/components/product/catalog/ProductTable.tsx(11,8): error TS2307: Cannot find module '@/application/use-cases/product/ProductUseCases' or its corresponding type declarations.
src/presentation/components/product/catalog/ProductTable.tsx(12,73): error TS2307: Cannot find module '@/presentation/components/ui/SharedUI' or its corresponding type declarations.
src/presentation/components/product/harvest/HarvestManager.tsx(4,35): error TS2307: Cannot find module '@/infrastructure/supabase/repositories/HarvestRepository' or its corresponding type declarations.
src/presentation/components/product/harvest/HarvestManager.tsx(5,38): error TS2307: Cannot find module '@/application/use-cases/harvest/RecordHarvestUseCase' or its corresponding type declarations.
src/presentation/components/product/harvest/HarvestManager.tsx(6,29): error TS2307: Cannot find module '@/presentation/hooks/useDebounce' or its corresponding type declarations.
src/presentation/components/product/harvest/HarvestReport.tsx(4,39): error TS2307: Cannot find module '@/domain/entities/Harvest' or its corresponding type declarations.
src/presentation/components/product/harvest/HarvestReport.tsx(5,35): error TS2307: Cannot find module '@/infrastructure/supabase/repositories/HarvestRepository' or its corresponding type declarations.
src/presentation/components/product/inventory-check/Inventorycheckform.tsx(4,47): error TS2307: Cannot find module '@/domain/entities/Inventory' or its corresponding type declarations.
src/presentation/components/product/inventory-check/Inventorycheckform.tsx(5,37): error TS2307: Cannot find module '@/infrastructure/supabase/repositories/InventoryRepository' or its corresponding type declarations.
src/presentation/components/product/inventory-check/Inventorycheckform.tsx(6,36): error TS2307: Cannot find module '@/application/use-cases/inventory/AdjustStockUseCase' or its corresponding type declarations.
src/presentation/components/product/inventory-check/Inventorycheckform.tsx(7,29): error TS2307: Cannot find module '@/presentation/hooks/useDebounce' or its corresponding type declarations.
src/presentation/components/product/inventory-check/Inventorychecklist.tsx(4,81): error TS2307: Cannot find module '@/domain/entities/Inventory' or its corresponding type declarations.
src/presentation/components/product/inventory-check/Inventorychecklist.tsx(5,37): error TS2307: Cannot find module '@/infrastructure/supabase/repositories/InventoryRepository' or its corresponding type declarations.
src/presentation/components/report/ReportPage.tsx(5,30): error TS2307: Cannot find module '@/infrastructure/supabase/client' or its corresponding type declarations.
src/presentation/hooks/useAccounts.ts(4,40): error TS2307: Cannot find module '@/domain/entities/Staff' or its corresponding type declarations.
src/presentation/hooks/useAccounts.ts(9,8): error TS2307: Cannot find module '@/application/use-cases/staff/StaffUseCases' or its corresponding type declarations.
src/presentation/hooks/useAuth.ts(4,37): error TS2307: Cannot find module '@/infrastructure/supabase/services/SupabaseAuthService' or its corresponding type declarations.
src/presentation/hooks/useCart.ts(5,37): error TS2307: Cannot find module '@/domain/entities/Cart' or its corresponding type declarations.
src/presentation/hooks/useCart.ts(6,27): error TS2307: Cannot find module '@/application/use-cases/cart/AddToCartUseCase' or its corresponding type declarations.
src/presentation/hooks/useCart.ts(7,58): error TS2307: Cannot find module '@/application/use-cases/cart/RemoveFromCartUseCase' or its corresponding type declarations.
src/presentation/hooks/useCart.ts(8,42): error TS2307: Cannot find module '@/domain/entities/Cart' or its corresponding type declarations.
src/presentation/hooks/useCart.ts(9,35): error TS2307: Cannot find module '@/application/dto/CartDTO' or its corresponding type declarations.
src/presentation/hooks/useCashbook.ts(5,71): error TS2307: Cannot find module '@/domain/entities/Cashbook' or its corresponding type declarations.
src/presentation/hooks/useCashbook.ts(6,34): error TS2307: Cannot find module '@/domain/repositories/ICashbookRepository' or its corresponding type declarations.
src/presentation/hooks/useCashbook.ts(7,100): error TS2307: Cannot find module '@/application/dto/CashbookDTO' or its corresponding type declarations.
src/presentation/hooks/useCashbook.ts(13,8): error TS2307: Cannot find module '@/application/use-cases/cashbook/CashbookUseCases' or its corresponding type declarations.
src/presentation/hooks/useCustomers.ts(5,31): error TS2307: Cannot find module '@/domain/entities/Customer' or its corresponding type declarations.
src/presentation/hooks/useCustomers.ts(10,8): error TS2307: Cannot find module '@/application/use-cases/customer/CustomerUsecase' or its corresponding type declarations.
src/presentation/hooks/useCustomers.ts(11,56): error TS2307: Cannot find module '@/application/dto/CustomerDTO' or its corresponding type declarations.
src/presentation/hooks/useDistributors.ts(4,70): error TS2307: Cannot find module '@/domain/entities/Distributor' or its corresponding type declarations.
src/presentation/hooks/useDistributors.ts(10,8): error TS2307: Cannot find module '@/application/use-cases/distributor/DistributorUseCases' or its corresponding type declarations.
src/presentation/hooks/useEmployees.ts(4,31): error TS2307: Cannot find module '@/domain/entities/Staff' or its corresponding type declarations.
src/presentation/hooks/useEmployees.ts(9,8): error TS2307: Cannot find module '@/application/use-cases/staff/StaffUseCases' or its corresponding type declarations.
src/presentation/hooks/useProducts.ts(5,30): error TS2307: Cannot find module '@/domain/entities/Product' or its corresponding type declarations.
src/presentation/hooks/useProducts.ts(10,8): error TS2307: Cannot find module '@/application/use-cases/product/ProductUseCases' or its corresponding type declarations.
src/presentation/hooks/useProducts.ts(11,54): error TS2307: Cannot find module '@/application/dto/ProductDTO' or its corresponding type declarations.
